------------------------------------------------------------
TimeQuest Timing Analyzer Summary
------------------------------------------------------------

Type  : Slow 1100mV 85C Model Setup 'clock'
Slack : -0.496
TNS   : -1.727

Type  : Slow 1100mV 85C Model Hold 'clock'
Slack : 0.339
TNS   : 0.000

Type  : Slow 1100mV 85C Model Minimum Pulse Width 'clock'
Slack : -0.724
TNS   : -4.422

Type  : Slow 1100mV 0C Model Setup 'clock'
Slack : -0.550
TNS   : -2.000

Type  : Slow 1100mV 0C Model Hold 'clock'
Slack : 0.321
TNS   : 0.000

Type  : Slow 1100mV 0C Model Minimum Pulse Width 'clock'
Slack : -0.724
TNS   : -4.446

Type  : Fast 1100mV 85C Model Setup 'clock'
Slack : 0.374
TNS   : 0.000

Type  : Fast 1100mV 85C Model Hold 'clock'
Slack : 0.147
TNS   : 0.000

Type  : Fast 1100mV 85C Model Minimum Pulse Width 'clock'
Slack : -0.081
TNS   : -0.320

Type  : Fast 1100mV 0C Model Setup 'clock'
Slack : 0.401
TNS   : 0.000

Type  : Fast 1100mV 0C Model Hold 'clock'
Slack : 0.133
TNS   : 0.000

Type  : Fast 1100mV 0C Model Minimum Pulse Width 'clock'
Slack : -0.085
TNS   : -0.336

------------------------------------------------------------
